{
  "version": "1.5.0",
  "plugins_used": [
    {
      "name": "ArtifactoryDetector"
    },
    {
      "name": "AWSKeyDetector"
    },
    {
      "name": "AzureStorageKeyDetector"
    },
    {
      "name": "Base64HighEntropyString",
      "limit": 4.5
    },
    {
      "name": "BasicAuthDetector"
    },
    {
      "name": "CloudantDetector"
    },
    {
      "name": "DiscordBotTokenDetector"
    },
    {
      "name": "GitHubTokenDetector"
    },
    {
      "name": "GitLabTokenDetector"
    },
    {
      "name": "HexHighEntropyString",
      "limit": 3.0
    },
    {
      "name": "IbmCloudIamDetector"
    },
    {
      "name": "IbmCosHmacDetector"
    },
    {
      "name": "IPPublicDetector"
    },
    {
      "name": "JwtTokenDetector"
    },
    {
      "name": "KeywordDetector",
      "keyword_exclude": ""
    },
    {
      "name": "MailchimpDetector"
    },
    {
      "name": "NpmDetector"
    },
    {
      "name": "OpenAIDetector"
    },
    {
      "name": "PrivateKeyDetector"
    },
    {
      "name": "PypiTokenDetector"
    },
    {
      "name": "SendGridDetector"
    },
    {
      "name": "SlackDetector"
    },
    {
      "name": "SoftlayerDetector"
    },
    {
      "name": "SquareOAuthDetector"
    },
    {
      "name": "StripeDetector"
    },
    {
      "name": "TelegramBotTokenDetector"
    },
    {
      "name": "TwilioKeyDetector"
    }
  ],
  "filters_used": [
    {
      "path": "detect_secrets.filters.allowlist.is_line_allowlisted"
    },
    {
      "path": "detect_secrets.filters.common.is_ignored_due_to_verification_policies",
      "min_level": 2
    },
    {
      "path": "detect_secrets.filters.heuristic.is_indirect_reference"
    },
    {
      "path": "detect_secrets.filters.heuristic.is_likely_id_string"
    },
    {
      "path": "detect_secrets.filters.heuristic.is_lock_file"
    },
    {
      "path": "detect_secrets.filters.heuristic.is_not_alphanumeric_string"
    },
    {
      "path": "detect_secrets.filters.heuristic.is_potential_uuid"
    },
    {
      "path": "detect_secrets.filters.heuristic.is_prefixed_with_dollar_sign"
    },
    {
      "path": "detect_secrets.filters.heuristic.is_sequential_string"
    },
    {
      "path": "detect_secrets.filters.heuristic.is_swagger_file"
    },
    {
      "path": "detect_secrets.filters.heuristic.is_templated_secret"
    }
  ],
  "results": {
    "backend/alembic/versions/2026_07_21_0100-b1c4e7a92f38_drop_designs_program_code.py": [
      {
        "type": "Hex High Entropy String",
        "filename": "backend/alembic/versions/2026_07_21_0100-b1c4e7a92f38_drop_designs_program_code.py",
        "hashed_secret": "fb27ab708a4a9baf936f6b7fe6ff30f6b7031665",
        "is_verified": false,
        "line_number": 36,
        "is_secret": false
      }
    ],
    "backend/app/config.py": [
      {
        "type": "Secret Keyword",
        "filename": "backend/app/config.py",
        "hashed_secret": "221cc1fad35d2f3c36ced80179388a0893a43d46",
        "is_verified": false,
        "line_number": 15,
        "is_secret": false
      }
    ],
    "backend/app/observability.py": [
      {
        "type": "Basic Auth Credentials",
        "filename": "backend/app/observability.py",
        "hashed_secret": "9d4e1e23bd5b727046a9e3b4b7db57bd8d6ee684",
        "is_verified": false,
        "line_number": 58,
        "is_secret": false
      }
    ],
    "backend/tests/test_auth.py": [
      {
        "type": "Secret Keyword",
        "filename": "backend/tests/test_auth.py",
        "hashed_secret": "e38ad214943daad1d64c102faec29de4afe9da3d",
        "is_verified": false,
        "line_number": 21,
        "is_secret": false
      },
      {
        "type": "Secret Keyword",
        "filename": "backend/tests/test_auth.py",
        "hashed_secret": "85a8b229663a9843eb2e5f9eaffee02f6dfd593e",
        "is_verified": false,
        "line_number": 27,
        "is_secret": false
      }
    ],
    "backend/tests/test_observability.py": [
      {
        "type": "Secret Keyword",
        "filename": "backend/tests/test_observability.py",
        "hashed_secret": "13951588fd3325e25ed1e3b116d7009fb221c85e",
        "is_verified": false,
        "line_number": 21,
        "is_secret": false
      },
      {
        "type": "Secret Keyword",
        "filename": "backend/tests/test_observability.py",
        "hashed_secret": "f3bbbd66a63d4bf1747940578ec3d0103530e21d",
        "is_verified": false,
        "line_number": 22,
        "is_secret": false
      }
    ],
    "backend/tests/test_phase2_authorization.py": [
      {
        "type": "JSON Web Token",
        "filename": "backend/tests/test_phase2_authorization.py",
        "hashed_secret": "2daf73f21e7549d24f8994aa76d42298236e5308",
        "is_verified": false,
        "line_number": 150,
        "is_secret": false
      }
    ],
    "backend/tests/test_phase2_upload_limits_and_data.py": [
      {
        "type": "Secret Keyword",
        "filename": "backend/tests/test_phase2_upload_limits_and_data.py",
        "hashed_secret": "a4b48a81cdab1e1a5dd37907d6c85ca1c61ddc7c",
        "is_verified": false,
        "line_number": 505,
        "is_secret": false
      },
      {
        "type": "Base64 High Entropy String",
        "filename": "backend/tests/test_phase2_upload_limits_and_data.py",
        "hashed_secret": "702175b8c90bae5be050679129a7b1dddaf595e2",
        "is_verified": false,
        "line_number": 599,
        "is_secret": false
      },
      {
        "type": "Secret Keyword",
        "filename": "backend/tests/test_phase2_upload_limits_and_data.py",
        "hashed_secret": "abf7aad6438836dbe526aa231abde2d0eef74d42",
        "is_verified": false,
        "line_number": 698,
        "is_secret": false
      }
    ],
    "backend/tests/test_rate_limit.py": [
      {
        "type": "Secret Keyword",
        "filename": "backend/tests/test_rate_limit.py",
        "hashed_secret": "1c9e4d0d9b5045f69ab72e9fa07ac5ab0b497260",
        "is_verified": false,
        "line_number": 26,
        "is_secret": false
      },
      {
        "type": "Secret Keyword",
        "filename": "backend/tests/test_rate_limit.py",
        "hashed_secret": "cbfdac6008f9cab4083784cbd1874f76618d2a97",
        "is_verified": false,
        "line_number": 46,
        "is_secret": false
      }
    ],
    "backend/tests/test_v037_production.py": [
      {
        "type": "Secret Keyword",
        "filename": "backend/tests/test_v037_production.py",
        "hashed_secret": "e9a5f12a8ecbb3eb46eca5096b5c52aa5e7c9fdd",
        "is_verified": false,
        "line_number": 15,
        "is_secret": false
      },
      {
        "type": "Secret Keyword",
        "filename": "backend/tests/test_v037_production.py",
        "hashed_secret": "fe72967536aedcae9b1b1e4eaf2c53494e17a638",
        "is_verified": false,
        "line_number": 101,
        "is_secret": false
      }
    ]
  },
  "generated_at": "2026-07-29T02:28:04Z"
}